I'm sorry, but errors were detected in your script. Please correct the
errors listed below, and try again.


File "game/script.rpy", line 61: Line is indented, but the preceding image statement statement does not expect a block. Please check this line's indentation.
    scene hallway
    ^

Ren'Py Version: Ren'Py 7.3.5.606
Tue Apr 28 16:50:38 2020
